    Ошибки, которые обрабатываются:

    1. Отсутствует условие в условном операторе
    2. Отсутствует DO  в цикле
    3. Отсутствует имя функции
    4. Отсутствует символ переноса строки в if-else
    5. Идет подряд два оператора NOT
